// Jest Snapshot v1, https://goo.gl/fbAQLP

exports[`AMessage snapshot 1`] = `
<strong
  class="sc-bcXHqe iIfYyV"
  data-testid="aMessage"
  type="warning"
>
  child
</strong>
`;
